// Jest Snapshot v1, https://goo.gl/fbAQLP

exports[`App component renders App 1`] = `
<DocumentFragment>
  <div
    class="circle"
    style="background: rgb(255, 0, 0);"
  />
</DocumentFragment>
`;
